HW_ARCHITECTURE_BASELINE_MERGE_READY=true
FOUR_TRACK_MODEL_PASS=true
EXPERIENCE_FIRST_CO_DESIGN_DOCTRINE_PASS=true
AMD_PRODUCT_MAINLINE_PRESERVED=true
NXP_OPEN_CUSTOM_TRACK_DEFINED=true
GXE_INTEGRATION_BOUNDARY_DEFINED=true
REFERENCE_CONTROL_TRACK_DEFINED=true
EXPERIMENT_ISOLATION_PASS=true
SOFTWARE_RC1_BASELINES_UNTOUCHED=true
CUSTOM_MAINLINE_ARCHITECTURE_FROZEN=true
CUSTOM_PLATFORM_VENDOR_ACCESS_READY=false
CPB0_SCHEMATIC_READY=false
CPB0_PCB_READY=false
CPB0_READY_FOR_FAB=false
CUSTOM_MAINLINE_READY_FOR_EVT_BUILD=false
HARDWARE_V1_READY_FOR_EVT_BUILD=false
RP0_A_COTS_PROCUREMENT_PACKET_READY=true
RP0_A_READY_TO_ORDER=true
COM_HPC_IS_PRODUCT_MAINLINE=false
PRODUCT_MAINLINE=AMD_CUSTOM_X86
OPEN_ENGINEERING_MAINLINE=NXP_IMX95_OPEN_CUSTOM
GREENFIELD_EXPERIMENT=GXE
REFERENCE_CONTROL=COM_HPC_AND_COTS
EVT_PENDING=true
DVT_PENDING=true
PVT_PENDING=true
PHYSICAL_HARDWARE_VALIDATED=false
CERTIFICATION_COMPLETE=false
MANUFACTURING_VALIDATED=false
NEXT_OWNER_ACTION=MERGE_HW_ARCHITECTURE_BASELINE_68_WITH_MERGE_COMMIT
OPTIONAL_OWNER_ACTION=ORDER_RP0_A_COTS_CONTROL_KIT
PARALLEL_OWNER_ACTION=ACQUIRE_AMD_CUSTOM_PLATFORM_COLLATERAL
